Variant SKU,Available,Location,Cost
TSHIRT001,100,Main Warehouse,8.50
HEAD001,50,Store A,85.00
MUG002,-5,Store B,12.00
YOGA003,25,Distribution Center,18.99