Title,Handle,Status,Published,Variant SKU,Variant Price
Basic T-Shirt,basic-t-shirt,active,TRUE,TSHIRT001,19.99