Email
john.doe@example.com
sarah.smith@company.co.uk